g82267a:1:1 [0] NCCL INFO ENV/Plugin: Could not find: libnccl-env.so
g82267a:1:1 [0] NCCL INFO NCCL_SOCKET_IFNAME set to =enp90s0np0
g82267a:1:1 [0] NCCL INFO cudaDriverVersion 13020
g82267a:1:1 [0] NCCL INFO NCCL version 2.29.7+cuda13.2
g82267a:1:1 [0] NCCL INFO NCCL git version stable b81d6a5a3
g82267a:1:1 [0] NCCL INFO NET/Plugin: Could not find: libnccl-net.so
g82267a:1:1 [0] NCCL INFO NET/Socket : Using [0]enp90s0np0:10.168.193.13<0>
g82267a:1:1 [0] NCCL INFO Initialized NET plugin Socket
g82267a:1:1 [0] NCCL INFO Assigned NET plugin Socket to comm
g82267a:1:1 [0] NCCL INFO GIN/Plugin: Could not find: libnccl-gin.so
g82267a:1:1 [0] NCCL INFO transport/net_ib/gin.cc:76 -> 3
g82267a:1:1 [0] NCCL INFO Failed to initialize any GIN plugin
g82267a:1:1 [0] NCCL INFO Using network Socket
g82267a:1:1 [0] NCCL INFO [Rank 0] ncclCommInitRankConfig comm 0x37cba830 rank 0 nranks 2 cudaDev 0 nvmlDev 0 busId 9b000 commId 0xa447239eaf2bd933 - Init START
g82267a:1:1 [0] NCCL INFO RAS client listening socket at ::1<28028>
g82267a:1:1 [0] NCCL INFO MNNVL busId 0x9b000 fabric UUID 0.0 cliqueId 0x0 state 3 healthMask 0x0
g82267a:1:1 [0] NCCL INFO NET/Socket : GPU Direct RDMA Disabled for HCA 0 'enp90s0np0'
g82267a:1:1 [0] NCCL INFO ncclTopoGetCpuAffinity: Affinity for GPU 0 is 32-63,96-127. (GPU affinity = 32-63,96-127 ; CPU affinity = 0-127).
g82267a:1:1 [0] NCCL INFO comm 0x37cba830 rank 0 nRanks 2 nNodes 2 localRanks 1 localRank 0 MNNVL 0
g82267a:1:1 [0] NCCL INFO Channel 00/02 : 0 1
g82267a:1:1 [0] NCCL INFO Channel 01/02 : 0 1
g82267a:1:1 [0] NCCL INFO Trees [0] 1/-1/-1->0->-1 [1] -1/-1/-1->0->1
g82267a:1:1 [0] NCCL INFO P2P Chunksize set to 131072
g82267a:1:1 [0] NCCL INFO PROFILER/Plugin: Could not find: libnccl-profiler.so
g82267a:1:1 [0] NCCL INFO Check P2P Type isAllDirectP2p 1 directMode 0 isAllCudaP2p 1
g82267a:1:424 [0] NCCL INFO [Proxy Service] Device 0 CPU core 110
g82267a:1:425 [0] NCCL INFO [Proxy Service UDS] Device 0 CPU core 111
g82267a:1:1 [0] NCCL INFO TUNER/Plugin: Could not find: libnccl-tuner.so
g82267a:1:1 [0] NCCL INFO threadThresholds 8/8/64 | 16/8/64 | 512 | 512
g82267a:1:1 [0] NCCL INFO 2 coll channels, 2 collnet channels, 0 nvls channels, 2 p2p channels, 1 p2p channels per peer
g82267a:1:1 [0] NCCL INFO Symmetric VA size=188GB
g82267a:1:1 [0] NCCL INFO Symmetric memory is not supported. cuMemEnable 1, globalGinSupport 0, globalNicFused 0 cuMemGdrSupport 1
g82267a:1:1 [0] NCCL INFO CC Off, workFifoBytes 1048576
g82267a:1:1 [0] NCCL INFO ncclCommInitRankConfig comm 0x37cba830 rank 0 nranks 2 cudaDev 0 nvmlDev 0 busId 9b000 commId 0xa447239eaf2bd933 - Init COMPLETE
g82267a:1:1 [0] NCCL INFO Init timings - ncclCommInitRankConfig: rank 0 nranks 2 total 0.91 (kernels 0.27, alloc 0.02, bootstrap 0.49, allgathers 0.11, topo 0.01, graphs 0.00, connections 0.00, rest 0.00)
g82267a:1:424 [0] NCCL INFO New proxy recv connection 0 from local rank 0, transport 2
g82267a:1:426 [0] NCCL INFO [Proxy Progress] Device 0 CPU core 48
g82267a:1:1 [0] NCCL INFO Connected to proxy localRank 0 -> connection 0x71f560004fa0
g82267a:1:1 [0] NCCL INFO Channel 00/0 : 1[0] -> 0[0] [receive] via NET/Socket/0
g82267a:1:424 [0] NCCL INFO New proxy recv connection 1 from local rank 0, transport 2
g82267a:1:1 [0] NCCL INFO Connected to proxy localRank 0 -> connection 0x71f560005028
g82267a:1:1 [0] NCCL INFO Channel 01/0 : 1[0] -> 0[0] [receive] via NET/Socket/0
g82267a:1:424 [0] NCCL INFO New proxy send connection 2 from local rank 0, transport 2
g82267a:1:1 [0] NCCL INFO Connected to proxy localRank 0 -> connection 0x71f5600050b0
g82267a:1:1 [0] NCCL INFO Channel 00/0 : 0[0] -> 1[0] [send] via NET/Socket/0
g82267a:1:424 [0] NCCL INFO New proxy send connection 3 from local rank 0, transport 2
g82267a:1:1 [0] NCCL INFO Connected to proxy localRank 0 -> connection 0x71f560005138
g82267a:1:1 [0] NCCL INFO Channel 01/0 : 0[0] -> 1[0] [send] via NET/Socket/0
g82267a:1:1 [0] NCCL INFO Connected all rings, use ring PXN 0 GDR 0
g82267a:1:1 [0] NCCL INFO comm 0x37cba830 rank 0 nranks 2 cudaDev 0 busId 9b000 - Destroy COMPLETE
