s90vxs64:1:1 [0] NCCL INFO ENV/Plugin: Could not find: libnccl-env.so
s90vxs64:1:1 [0] NCCL INFO cudaDriverVersion 13020
s90vxs64:1:1 [0] NCCL INFO NCCL_SOCKET_IFNAME set to =enP6p3s0np0
s90vxs64:1:1 [0] NCCL INFO NCCL version 2.29.7+cuda13.2
s90vxs64:1:1 [0] NCCL INFO NCCL git version stable b81d6a5a3
s90vxs64:1:1 [0] NCCL INFO NET/Plugin: Could not find: libnccl-net.so
s90vxs64:1:1 [0] NCCL INFO NET/Socket : Using [0]enP6p3s0np0:10.186.213.63<0>
s90vxs64:1:1 [0] NCCL INFO Initialized NET plugin Socket
s90vxs64:1:1 [0] NCCL INFO Assigned NET plugin Socket to comm
s90vxs64:1:1 [0] NCCL INFO GIN/Plugin: Could not find: libnccl-gin.so
s90vxs64:1:1 [0] NCCL INFO transport/net_ib/gin.cc:76 -> 3
s90vxs64:1:1 [0] NCCL INFO Failed to initialize any GIN plugin
s90vxs64:1:1 [0] NCCL INFO Using network Socket
s90vxs64:1:1 [0] NCCL INFO [Rank 2] ncclCommInitRankConfig comm 0xbddca5501a40 rank 2 nranks 3 cudaDev 0 nvmlDev 0 busId 1801000 commId 0xfa4b9e1989825717 - Init START
s90vxs64:1:1 [0] NCCL INFO RAS client listening socket at ::1<28028>
s90vxs64:1:1 [0] NCCL INFO MNNVL busId 0x1801000 fabric UUID 5c4fca6a2126518e.620fac452cdd6a9d cliqueId 0x7ffe state 3 healthMask 0xaa
s90vxs64:1:1 [0] NCCL INFO NET/Socket : GPU Direct RDMA Disabled for HCA 0 'enP6p3s0np0'
s90vxs64:1:1 [0] NCCL INFO ncclTopoGetCpuAffinity: Affinity for GPU 0 is 72-143. (GPU affinity = 72-143 ; CPU affinity = 0-143).
s90vxs64:1:1 [0] NCCL INFO comm 0xbddca5501a40 rank 2 nRanks 3 nNodes 2 localRanks 1 localRank 0 MNNVL 0
s90vxs64:1:1 [0] NCCL INFO Trees [0] -1/-1/-1->2->0 [1] 0/-1/-1->2->-1
s90vxs64:1:1 [0] NCCL INFO P2P Chunksize set to 131072
s90vxs64:1:1 [0] NCCL INFO PROFILER/Plugin: Could not find: libnccl-profiler.so
s90vxs64:1:1 [0] NCCL INFO Check P2P Type isAllDirectP2p 1 directMode 0 isAllCudaP2p 1
s90vxs64:1:447 [0] NCCL INFO [Proxy Service] Device 0 CPU core 79
s90vxs64:1:448 [0] NCCL INFO [Proxy Service UDS] Device 0 CPU core 80
s90vxs64:1:1 [0] NCCL INFO TUNER/Plugin: Could not find: libnccl-tuner.so
s90vxs64:1:1 [0] NCCL INFO threadThresholds 8/8/64 | 24/8/64 | 512 | 512
s90vxs64:1:1 [0] NCCL INFO 2 coll channels, 2 collnet channels, 0 nvls channels, 2 p2p channels, 1 p2p channels per peer
s90vxs64:1:1 [0] NCCL INFO Symmetric VA size=188GB
s90vxs64:1:1 [0] NCCL INFO Symmetric memory is not supported. cuMemEnable 1, globalGinSupport 0, globalNicFused 0 cuMemGdrSupport 1
s90vxs64:1:1 [0] NCCL INFO ncclCommInitRankConfig comm 0xbddca5501a40 rank 2 nranks 3 cudaDev 0 nvmlDev 0 busId 1801000 commId 0xfa4b9e1989825717 - Init COMPLETE
s90vxs64:1:1 [0] NCCL INFO Init timings - ncclCommInitRankConfig: rank 2 nranks 3 total 0.62 (kernels 0.14, alloc 0.01, bootstrap 0.28, allgathers 0.16, topo 0.02, graphs 0.00, connections 0.00, rest 0.00)
s90vxs64:1:447 [0] NCCL INFO New proxy recv connection 0 from local rank 0, transport 2
s90vxs64:1:449 [0] NCCL INFO [Proxy Progress] Device 0 CPU core 81
s90vxs64:1:1 [0] NCCL INFO Connected to proxy localRank 0 -> connection 0xffe084004f70
s90vxs64:1:1 [0] NCCL INFO Channel 00/0 : 1[1] -> 2[0] [receive] via NET/Socket/0
s90vxs64:1:447 [0] NCCL INFO New proxy recv connection 1 from local rank 0, transport 2
s90vxs64:1:1 [0] NCCL INFO Connected to proxy localRank 0 -> connection 0xffe084004ff8
s90vxs64:1:1 [0] NCCL INFO Channel 01/0 : 1[1] -> 2[0] [receive] via NET/Socket/0
s90vxs64:1:447 [0] NCCL INFO New proxy send connection 2 from local rank 0, transport 2
s90vxs64:1:1 [0] NCCL INFO Connected to proxy localRank 0 -> connection 0xffe084005080
s90vxs64:1:1 [0] NCCL INFO Channel 00/0 : 2[0] -> 0[0] [send] via NET/Socket/0
s90vxs64:1:447 [0] NCCL INFO New proxy send connection 3 from local rank 0, transport 2
s90vxs64:1:1 [0] NCCL INFO Connected to proxy localRank 0 -> connection 0xffe084005108
s90vxs64:1:1 [0] NCCL INFO Channel 01/0 : 2[0] -> 0[0] [send] via NET/Socket/0
s90vxs64:1:1 [0] NCCL INFO Connected all rings, use ring PXN 0 GDR 0
s90vxs64:1:1 [0] NCCL INFO comm 0xbddca5501a40 rank 2 nranks 3 cudaDev 0 busId 1801000 - Destroy COMPLETE
