Selecting previously unselected package libibumad3:amd64.
(Reading database ... 
(Reading database ... 5%
(Reading database ... 10%
(Reading database ... 15%
(Reading database ... 20%
(Reading database ... 25%
(Reading database ... 30%
(Reading database ... 35%
(Reading database ... 40%
(Reading database ... 45%
(Reading database ... 50%
(Reading database ... 55%
(Reading database ... 60%
(Reading database ... 65%
(Reading database ... 70%
(Reading database ... 75%
(Reading database ... 80%
(Reading database ... 85%
(Reading database ... 90%
(Reading database ... 95%
(Reading database ... 100%
(Reading database ... 24750 files and directories currently installed.)
Preparing to unpack .../libibumad3_56.1-1_amd64.deb ...
Unpacking libibumad3:amd64 (56.1-1) ...
Selecting previously unselected package pci.ids.
Preparing to unpack .../pci.ids_0.0~2025.06.09-1_all.deb ...
Unpacking pci.ids (0.0~2025.06.09-1) ...
Selecting previously unselected package libpci3:amd64.
Preparing to unpack .../libpci3_1%3a3.13.0-2_amd64.deb ...
Unpacking libpci3:amd64 (1:3.13.0-2) ...
Selecting previously unselected package librdmacm1t64:amd64.
Preparing to unpack .../librdmacm1t64_56.1-1_amd64.deb ...
Unpacking librdmacm1t64:amd64 (56.1-1) ...
Selecting previously unselected package perftest.
Preparing to unpack .../perftest_25.01.0+0.80-1_amd64.deb ...
Unpacking perftest (25.01.0+0.80-1) ...
Setting up pci.ids (0.0~2025.06.09-1) ...
Setting up libibumad3:amd64 (56.1-1) ...
Setting up libpci3:amd64 (1:3.13.0-2) ...
Setting up librdmacm1t64:amd64 (56.1-1) ...
Setting up perftest (25.01.0+0.80-1) ...
Processing triggers for libc-bin (2.41-12+deb13u4) ...
